// Jest Snapshot v1, https://goo.gl/fbAQLP

exports[`AuthSecret cdk-nag AwsSolutions Pack 1`] = `
"Metadata:
  cdk_nag:
    rules_to_suppress:
      - reason: TBD reason of 10 characters or more
        id: AwsSolutions-SMG4
Resources:
  AuthSecretC13F30CE:
    Type: AWS::SecretsManager::Secret
    Properties:
      GenerateSecretString:
        ExcludePunctuation: true
        GenerateStringKey: clientSecret
        IncludeSpace: false
        SecretStringTemplate: '{"clientId":""}'
    UpdateReplacePolicy: Delete
    DeletionPolicy: Delete
Outputs:
  AuthSecretOutput:
    Value:
      Ref: AuthSecretC13F30CE
    Export:
      Name: AuthSecretOutput
Parameters:
  BootstrapVersion:
    Type: AWS::SSM::Parameter::Value<String>
    Default: /cdk-bootstrap/hnb659fds/version
    Description: Version of the CDK Bootstrap resources in this environment,
      automatically retrieved from SSM Parameter Store. [cdk:skip]
Rules:
  CheckBootstrapVersion:
    Assertions:
      - Assert:
          Fn::Not:
            - Fn::Contains:
                - - "1"
                  - "2"
                  - "3"
                  - "4"
                  - "5"
                - Ref: BootstrapVersion
        AssertDescription: CDK bootstrap stack version 6 required. Please run 'cdk
          bootstrap' with a recent version of the CDK CLI.
"
`;
