// Jest Snapshot v1, https://goo.gl/fbAQLP

exports[`CrossAccountResources cdk-nag AwsSolutions Pack 1`] = `
"Metadata:
  cdk_nag:
    rules_to_suppress:
      - reason: TBD reason of 10 characters or more
        id: AwsSolutions-SMG4
      - reason: TBD reason of 10 characters or more
        id: AwsSolutions-IAM4
Resources:
  AuthSecretC13F30CE:
    Type: AWS::SecretsManager::Secret
    Properties:
      GenerateSecretString:
        ExcludePunctuation: true
        GenerateStringKey: base64EcodedConfig
        IncludeSpace: false
        SecretStringTemplate: '{"config":""}'
      Name: ""
    UpdateReplacePolicy: Delete
    DeletionPolicy: Delete
  adminRoleFromCicdAccount27DF8F3D:
    Type: AWS::IAM::Role
    Properties:
      AssumeRolePolicyDocument:
        Statement:
          - Action: sts:AssumeRole
            Effect: Allow
            Principal:
              AWS: arn:aws:iam::undefined:role/
        Version: 2012-10-17
      Description: Role to grant access to target accounts
      ManagedPolicyArns:
        - Fn::Join:
            - ""
            - - "arn:"
              - Ref: AWS::Partition
              - :iam::aws:policy/AWSCloudFormationFullAccess
Outputs:
  CloudfrontAuthSecretArn:
    Value:
      Ref: AuthSecretC13F30CE
    Export:
      Name: CloudfrontAuthSecretArn
Parameters:
  BootstrapVersion:
    Type: AWS::SSM::Parameter::Value<String>
    Default: /cdk-bootstrap/hnb659fds/version
    Description: Version of the CDK Bootstrap resources in this environment,
      automatically retrieved from SSM Parameter Store. [cdk:skip]
Rules:
  CheckBootstrapVersion:
    Assertions:
      - Assert:
          Fn::Not:
            - Fn::Contains:
                - - "1"
                  - "2"
                  - "3"
                  - "4"
                  - "5"
                - Ref: BootstrapVersion
        AssertDescription: CDK bootstrap stack version 6 required. Please run 'cdk
          bootstrap' with a recent version of the CDK CLI.
"
`;
