// Jest Snapshot v1, https://goo.gl/fbAQLP

exports[`PrismaStack cdk-nag AwsSolutions Pack 1`] = `
"Metadata:
  cdk_nag:
    rules_to_suppress:
      - reason: TBD reason of 10 characters or more
        id: AwsSolutions-VPC7
      - reason: TBD reason of 10 characters or more
        id: AwsSolutions-SMG4
      - reason: TBD reason of 10 characters or more
        id: AwsSolutions-RDS2
      - reason: TBD reason of 10 characters or more
        id: AwsSolutions-RDS3
      - reason: TBD reason of 10 characters or more
        id: AwsSolutions-RDS10
      - reason: TBD reason of 10 characters or more
        id: AwsSolutions-RDS11
      - reason: TBD reason of 10 characters or more
        id: AwsSolutions-IAM4
Resources:
  Vpc8378EB38:
    Type: AWS::EC2::VPC
    Properties:
      CidrBlock: 10.0.0.0/16
      EnableDnsHostnames: true
      EnableDnsSupport: true
      InstanceTenancy: default
      Tags:
        - Key: Name
          Value: PrismaStack/Vpc
  VpcPublicSubnet1Subnet5C2D37C4:
    Type: AWS::EC2::Subnet
    Properties:
      AvailabilityZone:
        Fn::Select:
          - 0
          - Fn::GetAZs: ""
      CidrBlock: 10.0.0.0/18
      MapPublicIpOnLaunch: true
      Tags:
        - Key: aws-cdk:subnet-name
          Value: Public
        - Key: aws-cdk:subnet-type
          Value: Public
        - Key: Name
          Value: PrismaStack/Vpc/PublicSubnet1
      VpcId:
        Ref: Vpc8378EB38
  VpcPublicSubnet1RouteTable6C95E38E:
    Type: AWS::EC2::RouteTable
    Properties:
      Tags:
        - Key: Name
          Value: PrismaStack/Vpc/PublicSubnet1
      VpcId:
        Ref: Vpc8378EB38
  VpcPublicSubnet1RouteTableAssociation97140677:
    Type: AWS::EC2::SubnetRouteTableAssociation
    Properties:
      RouteTableId:
        Ref: VpcPublicSubnet1RouteTable6C95E38E
      SubnetId:
        Ref: VpcPublicSubnet1Subnet5C2D37C4
  VpcPublicSubnet1DefaultRoute3DA9E72A:
    Type: AWS::EC2::Route
    Properties:
      DestinationCidrBlock: 0.0.0.0/0
      GatewayId:
        Ref: VpcIGWD7BA715C
      RouteTableId:
        Ref: VpcPublicSubnet1RouteTable6C95E38E
    DependsOn:
      - VpcVPCGWBF912B6E
  VpcPublicSubnet2Subnet691E08A3:
    Type: AWS::EC2::Subnet
    Properties:
      AvailabilityZone:
        Fn::Select:
          - 1
          - Fn::GetAZs: ""
      CidrBlock: 10.0.64.0/18
      MapPublicIpOnLaunch: true
      Tags:
        - Key: aws-cdk:subnet-name
          Value: Public
        - Key: aws-cdk:subnet-type
          Value: Public
        - Key: Name
          Value: PrismaStack/Vpc/PublicSubnet2
      VpcId:
        Ref: Vpc8378EB38
  VpcPublicSubnet2RouteTable94F7E489:
    Type: AWS::EC2::RouteTable
    Properties:
      Tags:
        - Key: Name
          Value: PrismaStack/Vpc/PublicSubnet2
      VpcId:
        Ref: Vpc8378EB38
  VpcPublicSubnet2RouteTableAssociationDD5762D8:
    Type: AWS::EC2::SubnetRouteTableAssociation
    Properties:
      RouteTableId:
        Ref: VpcPublicSubnet2RouteTable94F7E489
      SubnetId:
        Ref: VpcPublicSubnet2Subnet691E08A3
  VpcPublicSubnet2DefaultRoute97F91067:
    Type: AWS::EC2::Route
    Properties:
      DestinationCidrBlock: 0.0.0.0/0
      GatewayId:
        Ref: VpcIGWD7BA715C
      RouteTableId:
        Ref: VpcPublicSubnet2RouteTable94F7E489
    DependsOn:
      - VpcVPCGWBF912B6E
  VpcIsolatedSubnet1SubnetE48C5737:
    Type: AWS::EC2::Subnet
    Properties:
      AvailabilityZone:
        Fn::Select:
          - 0
          - Fn::GetAZs: ""
      CidrBlock: 10.0.128.0/18
      MapPublicIpOnLaunch: false
      Tags:
        - Key: aws-cdk:subnet-name
          Value: Isolated
        - Key: aws-cdk:subnet-type
          Value: Isolated
        - Key: Name
          Value: PrismaStack/Vpc/IsolatedSubnet1
      VpcId:
        Ref: Vpc8378EB38
  VpcIsolatedSubnet1RouteTable4771E3E5:
    Type: AWS::EC2::RouteTable
    Properties:
      Tags:
        - Key: Name
          Value: PrismaStack/Vpc/IsolatedSubnet1
      VpcId:
        Ref: Vpc8378EB38
  VpcIsolatedSubnet1RouteTableAssociationD300FCBB:
    Type: AWS::EC2::SubnetRouteTableAssociation
    Properties:
      RouteTableId:
        Ref: VpcIsolatedSubnet1RouteTable4771E3E5
      SubnetId:
        Ref: VpcIsolatedSubnet1SubnetE48C5737
  VpcIsolatedSubnet2Subnet16364B91:
    Type: AWS::EC2::Subnet
    Properties:
      AvailabilityZone:
        Fn::Select:
          - 1
          - Fn::GetAZs: ""
      CidrBlock: 10.0.192.0/18
      MapPublicIpOnLaunch: false
      Tags:
        - Key: aws-cdk:subnet-name
          Value: Isolated
        - Key: aws-cdk:subnet-type
          Value: Isolated
        - Key: Name
          Value: PrismaStack/Vpc/IsolatedSubnet2
      VpcId:
        Ref: Vpc8378EB38
  VpcIsolatedSubnet2RouteTable1D30AF7D:
    Type: AWS::EC2::RouteTable
    Properties:
      Tags:
        - Key: Name
          Value: PrismaStack/Vpc/IsolatedSubnet2
      VpcId:
        Ref: Vpc8378EB38
  VpcIsolatedSubnet2RouteTableAssociationF7B18CCA:
    Type: AWS::EC2::SubnetRouteTableAssociation
    Properties:
      RouteTableId:
        Ref: VpcIsolatedSubnet2RouteTable1D30AF7D
      SubnetId:
        Ref: VpcIsolatedSubnet2Subnet16364B91
  VpcIGWD7BA715C:
    Type: AWS::EC2::InternetGateway
    Properties:
      Tags:
        - Key: Name
          Value: PrismaStack/Vpc
  VpcVPCGWBF912B6E:
    Type: AWS::EC2::VPCGatewayAttachment
    Properties:
      InternetGatewayId:
        Ref: VpcIGWD7BA715C
      VpcId:
        Ref: Vpc8378EB38
  SecurityGroupDD263621:
    Type: AWS::EC2::SecurityGroup
    Properties:
      GroupDescription: PrismaStack/SecurityGroup
      SecurityGroupEgress:
        - CidrIp: 0.0.0.0/0
          Description: Allow all outbound traffic by default
          IpProtocol: "-1"
      VpcId:
        Ref: Vpc8378EB38
  PostgresInstanceSubnetGroup84F90C7C:
    Type: AWS::RDS::DBSubnetGroup
    Properties:
      DBSubnetGroupDescription: Subnet group for PostgresInstance database
      SubnetIds:
        - Ref: VpcPublicSubnet1Subnet5C2D37C4
        - Ref: VpcPublicSubnet2Subnet691E08A3
  PostgresInstanceSecurityGroupCC8FD05A:
    Type: AWS::EC2::SecurityGroup
    Properties:
      GroupDescription: Security group for PostgresInstance database
      SecurityGroupEgress:
        - CidrIp: 0.0.0.0/0
          Description: Allow all outbound traffic by default
          IpProtocol: "-1"
      VpcId:
        Ref: Vpc8378EB38
  PostgresInstanceSecurityGroupfromPrismaStackSecurityGroupFC09E6A6IndirectPort17A3246C:
    Type: AWS::EC2::SecurityGroupIngress
    Properties:
      Description: from PrismaStackSecurityGroupFC09E6A6:{IndirectPort}
      FromPort:
        Fn::GetAtt:
          - PostgresInstance19CDD68A
          - Endpoint.Port
      GroupId:
        Fn::GetAtt:
          - PostgresInstanceSecurityGroupCC8FD05A
          - GroupId
      IpProtocol: tcp
      SourceSecurityGroupId:
        Fn::GetAtt:
          - SecurityGroupDD263621
          - GroupId
      ToPort:
        Fn::GetAtt:
          - PostgresInstance19CDD68A
          - Endpoint.Port
  PostgresInstanceSecretD54AD1D0:
    Type: AWS::SecretsManager::Secret
    Properties:
      Description:
        Fn::Join:
          - ""
          - - "Generated by the CDK for stack: "
            - Ref: AWS::StackName
      GenerateSecretString:
        ExcludeCharacters: " %+~\`#$&*()|[]{}:;<>?!'/@\\"\\\\"
        GenerateStringKey: password
        PasswordLength: 30
        SecretStringTemplate: '{"username":"postgres"}'
    UpdateReplacePolicy: Delete
    DeletionPolicy: Delete
  PostgresInstanceSecretAttachmentDFCC79DF:
    Type: AWS::SecretsManager::SecretTargetAttachment
    Properties:
      SecretId:
        Ref: PostgresInstanceSecretD54AD1D0
      TargetId:
        Ref: PostgresInstance19CDD68A
      TargetType: AWS::RDS::DBInstance
  PostgresInstance19CDD68A:
    Type: AWS::RDS::DBInstance
    Properties:
      AllocatedStorage: "100"
      CopyTagsToSnapshot: true
      DBInstanceClass: db.t3.micro
      DBSubnetGroupName:
        Ref: PostgresInstanceSubnetGroup84F90C7C
      Engine: postgres
      MasterUserPassword:
        Fn::Join:
          - ""
          - - "{{resolve:secretsmanager:"
            - Ref: PostgresInstanceSecretD54AD1D0
            - :SecretString:password::}}
      MasterUsername:
        Fn::Join:
          - ""
          - - "{{resolve:secretsmanager:"
            - Ref: PostgresInstanceSecretD54AD1D0
            - :SecretString:username::}}
      PubliclyAccessible: true
      StorageType: gp2
      VPCSecurityGroups:
        - Fn::GetAtt:
            - PostgresInstanceSecurityGroupCC8FD05A
            - GroupId
    UpdateReplacePolicy: Snapshot
    DeletionPolicy: Snapshot
  DockerMigrationRunnerServiceRoleDA40993A:
    Type: AWS::IAM::Role
    Properties:
      AssumeRolePolicyDocument:
        Statement:
          - Action: sts:AssumeRole
            Effect: Allow
            Principal:
              Service: lambda.amazonaws.com
        Version: 2012-10-17
      ManagedPolicyArns:
        - Fn::Join:
            - ""
            - - "arn:"
              - Ref: AWS::Partition
              - :iam::aws:policy/service-role/AWSLambdaBasicExecutionRole
        - Fn::Join:
            - ""
            - - "arn:"
              - Ref: AWS::Partition
              - :iam::aws:policy/service-role/AWSLambdaVPCAccessExecutionRole
    DependsOn:
      - VpcIsolatedSubnet1RouteTableAssociationD300FCBB
      - VpcIsolatedSubnet2RouteTableAssociationF7B18CCA
  DockerMigrationRunnerDE766983:
    Type: AWS::Lambda::Function
    Properties:
      Code:
        ImageUri:
          Fn::Sub: \${AWS::AccountId}.dkr.ecr.\${AWS::Region}.\${AWS::URLSuffix}/cdk-hnb659fds-container-assets-\${AWS::AccountId}-\${AWS::Region}:ca902ad0c8167517cd6b981d55ddc3a742d5adac90a769d934b5814b00d16b7f
      Environment:
        Variables:
          DATABASE_ENGINE:
            Fn::Join:
              - ""
              - - "{{resolve:secretsmanager:"
                - Ref: PostgresInstanceSecretAttachmentDFCC79DF
                - :SecretString:engine::}}
          DATABASE_HOST:
            Fn::GetAtt:
              - PostgresInstance19CDD68A
              - Endpoint.Address
          DATABASE_PASSWORD:
            Fn::Join:
              - ""
              - - "{{resolve:secretsmanager:"
                - Ref: PostgresInstanceSecretAttachmentDFCC79DF
                - :SecretString:password::}}
          DATABASE_PORT:
            Fn::GetAtt:
              - PostgresInstance19CDD68A
              - Endpoint.Port
          DATABASE_USER:
            Fn::Join:
              - ""
              - - "{{resolve:secretsmanager:"
                - Ref: PostgresInstanceSecretAttachmentDFCC79DF
                - :SecretString:username::}}
      ImageConfig:
        Command:
          - migration-runner.handler
      MemorySize: 256
      PackageType: Image
      Role:
        Fn::GetAtt:
          - DockerMigrationRunnerServiceRoleDA40993A
          - Arn
      Timeout: 60
      VpcConfig:
        SecurityGroupIds:
          - Fn::GetAtt:
              - SecurityGroupDD263621
              - GroupId
        SubnetIds:
          - Ref: VpcIsolatedSubnet1SubnetE48C5737
          - Ref: VpcIsolatedSubnet2Subnet16364B91
    DependsOn:
      - DockerMigrationRunnerServiceRoleDA40993A
      - VpcIsolatedSubnet1RouteTableAssociationD300FCBB
      - VpcIsolatedSubnet2RouteTableAssociationF7B18CCA
  DockerMigrationRunnerCurrentVersion3DAE61C2441ee5ce1fd7b2a18c1796a5e2c22a9a:
    Type: AWS::Lambda::Version
    Properties:
      FunctionName:
        Ref: DockerMigrationRunnerDE766983
    DependsOn:
      - VpcIsolatedSubnet1RouteTableAssociationD300FCBB
      - VpcIsolatedSubnet2RouteTableAssociationF7B18CCA
  MigrationTrigger:
    Type: Custom::Trigger
    Properties:
      ServiceToken:
        Fn::GetAtt:
          - AWSCDKTriggerCustomResourceProviderCustomResourceProviderHandler97BECD91
          - Arn
      HandlerArn:
        Ref: DockerMigrationRunnerCurrentVersion3DAE61C2441ee5ce1fd7b2a18c1796a5e2c22a9a
      InvocationType: RequestResponse
      Timeout: "120000"
      ExecuteOnHandlerChange: true
    DependsOn:
      - PostgresInstance19CDD68A
      - PostgresInstanceSecretAttachmentDFCC79DF
      - PostgresInstanceSecretD54AD1D0
      - PostgresInstanceSecurityGroupfromPrismaStackSecurityGroupFC09E6A6IndirectPort17A3246C
      - PostgresInstanceSecurityGroupCC8FD05A
      - PostgresInstanceSubnetGroup84F90C7C
    UpdateReplacePolicy: Delete
    DeletionPolicy: Delete
  AWSCDKTriggerCustomResourceProviderCustomResourceProviderRoleE18FAF0A:
    Type: AWS::IAM::Role
    Properties:
      AssumeRolePolicyDocument:
        Version: 2012-10-17
        Statement:
          - Action: sts:AssumeRole
            Effect: Allow
            Principal:
              Service: lambda.amazonaws.com
      ManagedPolicyArns:
        - Fn::Sub: arn:\${AWS::Partition}:iam::aws:policy/service-role/AWSLambdaBasicExecutionRole
      Policies:
        - PolicyName: Inline
          PolicyDocument:
            Version: 2012-10-17
            Statement:
              - Effect: Allow
                Action:
                  - lambda:InvokeFunction
                Resource:
                  - Fn::Join:
                      - ""
                      - - Fn::GetAtt:
                            - DockerMigrationRunnerDE766983
                            - Arn
                        - :*
  AWSCDKTriggerCustomResourceProviderCustomResourceProviderHandler97BECD91:
    Type: AWS::Lambda::Function
    Properties:
      Code:
        S3Bucket:
          Fn::Sub: cdk-hnb659fds-assets-\${AWS::AccountId}-\${AWS::Region}
        S3Key: ac4a1bd8c7c7879385a212db2c46b2cb8f9e23b91c993d826d478bff7dbc0af3.zip
      Timeout: 900
      MemorySize: 128
      Handler: __entrypoint__.handler
      Role:
        Fn::GetAtt:
          - AWSCDKTriggerCustomResourceProviderCustomResourceProviderRoleE18FAF0A
          - Arn
      Runtime: nodejs18.x
    DependsOn:
      - AWSCDKTriggerCustomResourceProviderCustomResourceProviderRoleE18FAF0A
  VpcIdSSM66E671B5:
    Type: AWS::SSM::Parameter
    Properties:
      Type: String
      Value:
        Ref: Vpc8378EB38
  SecurityGroupSSMB4A43A84:
    Type: AWS::SSM::Parameter
    Properties:
      Type: String
      Value:
        Fn::GetAtt:
          - SecurityGroupDD263621
          - GroupId
Outputs:
  MigrationRunnerLambdaArn:
    Value:
      Fn::GetAtt:
        - DockerMigrationRunnerDE766983
        - Arn
  DatabaSecretOutput:
    Value:
      Ref: PostgresInstanceSecretAttachmentDFCC79DF
Parameters:
  BootstrapVersion:
    Type: AWS::SSM::Parameter::Value<String>
    Default: /cdk-bootstrap/hnb659fds/version
    Description: Version of the CDK Bootstrap resources in this environment,
      automatically retrieved from SSM Parameter Store. [cdk:skip]
Rules:
  CheckBootstrapVersion:
    Assertions:
      - Assert:
          Fn::Not:
            - Fn::Contains:
                - - "1"
                  - "2"
                  - "3"
                  - "4"
                  - "5"
                - Ref: BootstrapVersion
        AssertDescription: CDK bootstrap stack version 6 required. Please run 'cdk
          bootstrap' with a recent version of the CDK CLI.
"
`;
